[2025-06-30T16:27:10.493+0530][gc,heap] Heap region size: 1M
[2025-06-30T16:27:10.495+0530][gc     ] Using G1
[2025-06-30T16:27:10.495+0530][gc,heap,coops] Heap address: 0x0000000780000000, size: 1024 MB, Compressed Oops mode: Zero based, Oop shift amount: 3
[2025-06-30T16:27:10.888+0530][gc,start     ] GC(0) Pause Young (Concurrent Start) (Metadata GC Threshold)
[2025-06-30T16:27:10.888+0530][gc,task      ] GC(0) Using 10 workers of 10 for evacuation
[2025-06-30T16:27:10.891+0530][gc,phases    ] GC(0)   Pre Evacuate Collection Set: 0.0ms
[2025-06-30T16:27:10.891+0530][gc,phases    ] GC(0)   Evacuate Collection Set: 3.1ms
[2025-06-30T16:27:10.891+0530][gc,phases    ] GC(0)   Post Evacuate Collection Set: 0.2ms
[2025-06-30T16:27:10.891+0530][gc,phases    ] GC(0)   Other: 0.4ms
[2025-06-30T16:27:10.891+0530][gc,heap      ] GC(0) Eden regions: 48->0(44)
[2025-06-30T16:27:10.891+0530][gc,heap      ] GC(0) Survivor regions: 0->7(7)
[2025-06-30T16:27:10.891+0530][gc,heap      ] GC(0) Old regions: 0->1
[2025-06-30T16:27:10.891+0530][gc,heap      ] GC(0) Humongous regions: 0->0
[2025-06-30T16:27:10.891+0530][gc,metaspace ] GC(0) Metaspace: 20725K(21248K)->20725K(21248K) NonClass: 18417K(18688K)->18417K(18688K) Class: 2307K(2560K)->2307K(2560K)
[2025-06-30T16:27:10.891+0530][gc           ] GC(0) Pause Young (Concurrent Start) (Metadata GC Threshold) 48M->7M(1024M) 3.785ms
[2025-06-30T16:27:10.891+0530][gc,cpu       ] GC(0) User=0.01s Sys=0.00s Real=0.01s
[2025-06-30T16:27:10.891+0530][gc           ] GC(1) Concurrent Cycle
[2025-06-30T16:27:10.891+0530][gc,marking   ] GC(1) Concurrent Clear Claimed Marks
[2025-06-30T16:27:10.891+0530][gc,marking   ] GC(1) Concurrent Clear Claimed Marks 0.018ms
[2025-06-30T16:27:10.891+0530][gc,marking   ] GC(1) Concurrent Scan Root Regions
[2025-06-30T16:27:10.892+0530][gc,marking   ] GC(1) Concurrent Scan Root Regions 0.763ms
[2025-06-30T16:27:10.892+0530][gc,marking   ] GC(1) Concurrent Mark (0.405s)
[2025-06-30T16:27:10.892+0530][gc,marking   ] GC(1) Concurrent Mark From Roots
[2025-06-30T16:27:10.892+0530][gc,task      ] GC(1) Using 3 workers of 3 for marking
[2025-06-30T16:27:10.892+0530][gc,marking   ] GC(1) Concurrent Mark From Roots 0.191ms
[2025-06-30T16:27:10.892+0530][gc,marking   ] GC(1) Concurrent Preclean
[2025-06-30T16:27:10.892+0530][gc,marking   ] GC(1) Concurrent Preclean 0.020ms
[2025-06-30T16:27:10.892+0530][gc,marking   ] GC(1) Concurrent Mark (0.405s, 0.405s) 0.246ms
[2025-06-30T16:27:10.893+0530][gc,start     ] GC(1) Pause Remark
[2025-06-30T16:27:10.893+0530][gc,stringtable] GC(1) Cleaned string and symbol table, strings: 7873 processed, 0 removed, symbols: 66798 processed, 27 removed
[2025-06-30T16:27:10.893+0530][gc            ] GC(1) Pause Remark 7M->7M(1024M) 0.716ms
[2025-06-30T16:27:10.893+0530][gc,cpu        ] GC(1) User=0.01s Sys=0.00s Real=0.00s
[2025-06-30T16:27:10.893+0530][gc,marking    ] GC(1) Concurrent Rebuild Remembered Sets
[2025-06-30T16:27:10.893+0530][gc,marking    ] GC(1) Concurrent Rebuild Remembered Sets 0.127ms
[2025-06-30T16:27:10.893+0530][gc,start      ] GC(1) Pause Cleanup
[2025-06-30T16:27:10.894+0530][gc            ] GC(1) Pause Cleanup 7M->7M(1024M) 0.075ms
[2025-06-30T16:27:10.894+0530][gc,cpu        ] GC(1) User=0.00s Sys=0.00s Real=0.00s
[2025-06-30T16:27:10.894+0530][gc,marking    ] GC(1) Concurrent Cleanup for Next Mark
[2025-06-30T16:27:10.894+0530][gc,marking    ] GC(1) Concurrent Cleanup for Next Mark 0.859ms
[2025-06-30T16:27:10.894+0530][gc            ] GC(1) Concurrent Cycle 3.042ms
[2025-06-30T16:27:11.256+0530][gc,start      ] GC(2) Pause Young (Normal) (G1 Evacuation Pause)
[2025-06-30T16:27:11.256+0530][gc,task       ] GC(2) Using 10 workers of 10 for evacuation
[2025-06-30T16:27:11.258+0530][gc,phases     ] GC(2)   Pre Evacuate Collection Set: 0.0ms
[2025-06-30T16:27:11.258+0530][gc,phases     ] GC(2)   Evacuate Collection Set: 2.4ms
[2025-06-30T16:27:11.258+0530][gc,phases     ] GC(2)   Post Evacuate Collection Set: 0.2ms
[2025-06-30T16:27:11.258+0530][gc,phases     ] GC(2)   Other: 0.1ms
[2025-06-30T16:27:11.258+0530][gc,heap       ] GC(2) Eden regions: 44->0(49)
[2025-06-30T16:27:11.258+0530][gc,heap       ] GC(2) Survivor regions: 7->2(7)
[2025-06-30T16:27:11.258+0530][gc,heap       ] GC(2) Old regions: 1->7
[2025-06-30T16:27:11.258+0530][gc,heap       ] GC(2) Humongous regions: 0->0
[2025-06-30T16:27:11.258+0530][gc,metaspace  ] GC(2) Metaspace: 29617K(30592K)->29617K(30592K) NonClass: 26121K(26624K)->26121K(26624K) Class: 3496K(3968K)->3496K(3968K)
[2025-06-30T16:27:11.259+0530][gc            ] GC(2) Pause Young (Normal) (G1 Evacuation Pause) 51M->8M(1024M) 2.836ms
[2025-06-30T16:27:11.259+0530][gc,cpu        ] GC(2) User=0.02s Sys=0.00s Real=0.00s
[2025-06-30T16:27:11.710+0530][gc,start      ] GC(3) Pause Young (Concurrent Start) (Metadata GC Threshold)
[2025-06-30T16:27:11.710+0530][gc,task       ] GC(3) Using 10 workers of 10 for evacuation
[2025-06-30T16:27:11.711+0530][gc,phases     ] GC(3)   Pre Evacuate Collection Set: 0.0ms
[2025-06-30T16:27:11.711+0530][gc,phases     ] GC(3)   Evacuate Collection Set: 1.2ms
[2025-06-30T16:27:11.711+0530][gc,phases     ] GC(3)   Post Evacuate Collection Set: 0.1ms
[2025-06-30T16:27:11.711+0530][gc,phases     ] GC(3)   Other: 0.1ms
[2025-06-30T16:27:11.711+0530][gc,heap       ] GC(3) Eden regions: 34->0(47)
[2025-06-30T16:27:11.711+0530][gc,heap       ] GC(3) Survivor regions: 2->4(7)
[2025-06-30T16:27:11.711+0530][gc,heap       ] GC(3) Old regions: 7->7
[2025-06-30T16:27:11.711+0530][gc,heap       ] GC(3) Humongous regions: 129->129
[2025-06-30T16:27:11.711+0530][gc,metaspace  ] GC(3) Metaspace: 34854K(35840K)->34854K(35840K) NonClass: 30888K(31360K)->30888K(31360K) Class: 3965K(4480K)->3965K(4480K)
[2025-06-30T16:27:11.711+0530][gc            ] GC(3) Pause Young (Concurrent Start) (Metadata GC Threshold) 170M->138M(1024M) 1.486ms
[2025-06-30T16:27:11.711+0530][gc,cpu        ] GC(3) User=0.01s Sys=0.00s Real=0.00s
[2025-06-30T16:27:11.711+0530][gc            ] GC(4) Concurrent Cycle
[2025-06-30T16:27:11.711+0530][gc,marking    ] GC(4) Concurrent Clear Claimed Marks
[2025-06-30T16:27:11.711+0530][gc,marking    ] GC(4) Concurrent Clear Claimed Marks 0.021ms
[2025-06-30T16:27:11.711+0530][gc,marking    ] GC(4) Concurrent Scan Root Regions
[2025-06-30T16:27:11.712+0530][gc,marking    ] GC(4) Concurrent Scan Root Regions 0.506ms
[2025-06-30T16:27:11.712+0530][gc,marking    ] GC(4) Concurrent Mark (1.225s)
[2025-06-30T16:27:11.712+0530][gc,marking    ] GC(4) Concurrent Mark From Roots
[2025-06-30T16:27:11.712+0530][gc,task       ] GC(4) Using 3 workers of 3 for marking
[2025-06-30T16:27:11.713+0530][gc,marking    ] GC(4) Concurrent Mark From Roots 1.387ms
[2025-06-30T16:27:11.713+0530][gc,marking    ] GC(4) Concurrent Preclean
[2025-06-30T16:27:11.713+0530][gc,marking    ] GC(4) Concurrent Preclean 0.024ms
[2025-06-30T16:27:11.713+0530][gc,marking    ] GC(4) Concurrent Mark (1.225s, 1.226s) 1.431ms
[2025-06-30T16:27:11.713+0530][gc,start      ] GC(4) Pause Remark
[2025-06-30T16:27:11.714+0530][gc,stringtable] GC(4) Cleaned string and symbol table, strings: 11454 processed, 12 removed, symbols: 99385 processed, 20 removed
[2025-06-30T16:27:11.714+0530][gc            ] GC(4) Pause Remark 140M->140M(1024M) 0.913ms
[2025-06-30T16:27:11.714+0530][gc,cpu        ] GC(4) User=0.00s Sys=0.00s Real=0.00s
[2025-06-30T16:27:11.714+0530][gc,marking    ] GC(4) Concurrent Rebuild Remembered Sets
[2025-06-30T16:27:11.715+0530][gc,marking    ] GC(4) Concurrent Rebuild Remembered Sets 1.090ms
[2025-06-30T16:27:11.715+0530][gc,start      ] GC(4) Pause Cleanup
[2025-06-30T16:27:11.715+0530][gc            ] GC(4) Pause Cleanup 140M->140M(1024M) 0.068ms
[2025-06-30T16:27:11.715+0530][gc,cpu        ] GC(4) User=0.00s Sys=0.00s Real=0.00s
[2025-06-30T16:27:11.715+0530][gc,marking    ] GC(4) Concurrent Cleanup for Next Mark
[2025-06-30T16:27:11.716+0530][gc,marking    ] GC(4) Concurrent Cleanup for Next Mark 0.902ms
[2025-06-30T16:27:11.716+0530][gc            ] GC(4) Concurrent Cycle 5.202ms
[2025-06-30T16:27:11.891+0530][gc,start      ] GC(5) Pause Young (Normal) (G1 Evacuation Pause)
[2025-06-30T16:27:11.891+0530][gc,task       ] GC(5) Using 10 workers of 10 for evacuation
[2025-06-30T16:27:11.893+0530][gc,phases     ] GC(5)   Pre Evacuate Collection Set: 0.0ms
[2025-06-30T16:27:11.893+0530][gc,phases     ] GC(5)   Evacuate Collection Set: 1.6ms
[2025-06-30T16:27:11.893+0530][gc,phases     ] GC(5)   Post Evacuate Collection Set: 0.1ms
[2025-06-30T16:27:11.893+0530][gc,phases     ] GC(5)   Other: 0.1ms
[2025-06-30T16:27:11.893+0530][gc,heap       ] GC(5) Eden regions: 47->0(44)
[2025-06-30T16:27:11.893+0530][gc,heap       ] GC(5) Survivor regions: 4->7(7)
[2025-06-30T16:27:11.893+0530][gc,heap       ] GC(5) Old regions: 7->7
[2025-06-30T16:27:11.893+0530][gc,heap       ] GC(5) Humongous regions: 129->129
[2025-06-30T16:27:11.893+0530][gc,metaspace  ] GC(5) Metaspace: 43061K(44800K)->43061K(44800K) NonClass: 38192K(39168K)->38192K(39168K) Class: 4869K(5632K)->4869K(5632K)
[2025-06-30T16:27:11.893+0530][gc            ] GC(5) Pause Young (Normal) (G1 Evacuation Pause) 185M->142M(1024M) 1.948ms
[2025-06-30T16:27:11.893+0530][gc,cpu        ] GC(5) User=0.01s Sys=0.00s Real=0.00s
[2025-06-30T16:29:25.668+0530][gc,start      ] GC(6) Pause Young (Normal) (G1 Evacuation Pause)
[2025-06-30T16:29:25.668+0530][gc,task       ] GC(6) Using 10 workers of 10 for evacuation
[2025-06-30T16:29:25.671+0530][gc,phases     ] GC(6)   Pre Evacuate Collection Set: 0.0ms
[2025-06-30T16:29:25.672+0530][gc,phases     ] GC(6)   Evacuate Collection Set: 3.1ms
[2025-06-30T16:29:25.672+0530][gc,phases     ] GC(6)   Post Evacuate Collection Set: 0.3ms
[2025-06-30T16:29:25.672+0530][gc,phases     ] GC(6)   Other: 0.1ms
[2025-06-30T16:29:25.672+0530][gc,heap       ] GC(6) Eden regions: 44->0(48)
[2025-06-30T16:29:25.672+0530][gc,heap       ] GC(6) Survivor regions: 7->3(7)
[2025-06-30T16:29:25.672+0530][gc,heap       ] GC(6) Old regions: 7->14
[2025-06-30T16:29:25.672+0530][gc,heap       ] GC(6) Humongous regions: 135->129
[2025-06-30T16:29:25.672+0530][gc,metaspace  ] GC(6) Metaspace: 49404K(52224K)->49404K(52224K) NonClass: 43104K(44544K)->43104K(44544K) Class: 6300K(7680K)->6300K(7680K)
[2025-06-30T16:29:25.672+0530][gc            ] GC(6) Pause Young (Normal) (G1 Evacuation Pause) 192M->145M(1024M) 3.683ms
[2025-06-30T16:29:25.672+0530][gc,cpu        ] GC(6) User=0.03s Sys=0.00s Real=0.01s
[2025-06-30T16:41:49.896+0530][gc,heap,exit  ] Heap
[2025-06-30T16:41:49.896+0530][gc,heap,exit  ]  garbage-first heap   total 1048576K, used 183321K [0x0000000780000000, 0x00000007c0000000)
[2025-06-30T16:41:49.896+0530][gc,heap,exit  ]   region size 1024K, 39 young (39936K), 3 survivors (3072K)
[2025-06-30T16:41:49.896+0530][gc,heap,exit  ]  Metaspace       used 51467K, capacity 54316K, committed 54528K, reserved 1095680K
[2025-06-30T16:41:49.896+0530][gc,heap,exit  ]   class space    used 6671K, capacity 8149K, committed 8192K, reserved 1048576K
