[2025-06-26T15:15:40.639+0530][gc,heap] Heap region size: 1M
[2025-06-26T15:15:40.640+0530][gc     ] Using G1
[2025-06-26T15:15:40.640+0530][gc,heap,coops] Heap address: 0x00000007a0000000, size: 512 MB, Compressed Oops mode: Zero based, Oop shift amount: 3
[2025-06-26T15:15:40.997+0530][gc,start     ] GC(0) Pause Young (Normal) (G1 Evacuation Pause)
[2025-06-26T15:15:40.998+0530][gc,task      ] GC(0) Using 10 workers of 10 for evacuation
[2025-06-26T15:15:41.001+0530][gc,phases    ] GC(0)   Pre Evacuate Collection Set: 0.0ms
[2025-06-26T15:15:41.001+0530][gc,phases    ] GC(0)   Evacuate Collection Set: 3.1ms
[2025-06-26T15:15:41.001+0530][gc,phases    ] GC(0)   Post Evacuate Collection Set: 0.1ms
[2025-06-26T15:15:41.001+0530][gc,phases    ] GC(0)   Other: 0.3ms
[2025-06-26T15:15:41.001+0530][gc,heap      ] GC(0) Eden regions: 25->0(21)
[2025-06-26T15:15:41.001+0530][gc,heap      ] GC(0) Survivor regions: 0->4(4)
[2025-06-26T15:15:41.001+0530][gc,heap      ] GC(0) Old regions: 0->4
[2025-06-26T15:15:41.001+0530][gc,heap      ] GC(0) Humongous regions: 0->0
[2025-06-26T15:15:41.001+0530][gc,metaspace ] GC(0) Metaspace: 14665K(15232K)->14665K(15232K) NonClass: 13170K(13568K)->13170K(13568K) Class: 1494K(1664K)->1494K(1664K)
[2025-06-26T15:15:41.001+0530][gc           ] GC(0) Pause Young (Normal) (G1 Evacuation Pause) 25M->7M(512M) 3.580ms
[2025-06-26T15:15:41.001+0530][gc,cpu       ] GC(0) User=0.02s Sys=0.01s Real=0.01s
[2025-06-26T15:21:21.209+0530][gc,heap,exit ] Heap
[2025-06-26T15:21:21.209+0530][gc,heap,exit ]  garbage-first heap   total 524288K, used 23727K [0x00000007a0000000, 0x00000007c0000000)
[2025-06-26T15:21:21.209+0530][gc,heap,exit ]   region size 1024K, 21 young (21504K), 4 survivors (4096K)
[2025-06-26T15:21:21.210+0530][gc,heap,exit ]  Metaspace       used 16540K, capacity 16952K, committed 17280K, reserved 1064960K
[2025-06-26T15:21:21.210+0530][gc,heap,exit ]   class space    used 1664K, capacity 1840K, committed 1920K, reserved 1048576K
