[2025-06-30T16:25:43.595+0530][gc,heap] Heap region size: 1M
[2025-06-30T16:25:43.596+0530][gc     ] Using G1
[2025-06-30T16:25:43.596+0530][gc,heap,coops] Heap address: 0x00000007a0000000, size: 512 MB, Compressed Oops mode: Zero based, Oop shift amount: 3
[2025-06-30T16:25:43.913+0530][gc,start     ] GC(0) Pause Young (Normal) (G1 Evacuation Pause)
[2025-06-30T16:25:43.913+0530][gc,task      ] GC(0) Using 10 workers of 10 for evacuation
[2025-06-30T16:25:43.917+0530][gc,phases    ] GC(0)   Pre Evacuate Collection Set: 0.0ms
[2025-06-30T16:25:43.917+0530][gc,phases    ] GC(0)   Evacuate Collection Set: 3.3ms
[2025-06-30T16:25:43.917+0530][gc,phases    ] GC(0)   Post Evacuate Collection Set: 0.1ms
[2025-06-30T16:25:43.917+0530][gc,phases    ] GC(0)   Other: 0.4ms
[2025-06-30T16:25:43.917+0530][gc,heap      ] GC(0) Eden regions: 25->0(21)
[2025-06-30T16:25:43.917+0530][gc,heap      ] GC(0) Survivor regions: 0->4(4)
[2025-06-30T16:25:43.917+0530][gc,heap      ] GC(0) Old regions: 0->4
[2025-06-30T16:25:43.917+0530][gc,heap      ] GC(0) Humongous regions: 0->0
[2025-06-30T16:25:43.917+0530][gc,metaspace ] GC(0) Metaspace: 14662K(15232K)->14662K(15232K) NonClass: 13167K(13568K)->13167K(13568K) Class: 1495K(1664K)->1495K(1664K)
[2025-06-30T16:25:43.917+0530][gc           ] GC(0) Pause Young (Normal) (G1 Evacuation Pause) 25M->7M(512M) 3.885ms
[2025-06-30T16:25:43.917+0530][gc,cpu       ] GC(0) User=0.03s Sys=0.01s Real=0.00s
[2025-06-30T16:41:55.025+0530][gc,heap,exit ] Heap
[2025-06-30T16:41:55.026+0530][gc,heap,exit ]  garbage-first heap   total 524288K, used 22910K [0x00000007a0000000, 0x00000007c0000000)
[2025-06-30T16:41:55.026+0530][gc,heap,exit ]   region size 1024K, 20 young (20480K), 4 survivors (4096K)
[2025-06-30T16:41:55.026+0530][gc,heap,exit ]  Metaspace       used 16523K, capacity 16886K, committed 17024K, reserved 1064960K
[2025-06-30T16:41:55.026+0530][gc,heap,exit ]   class space    used 1666K, capacity 1840K, committed 1920K, reserved 1048576K
